Microchip MPLAB XC8 Compiler V2.36

Linker command line:

-W-3 --edf=C:\Program Files\Microchip\xc8\v2.36\pic\dat\en_msgs.txt -cn \
  -h+dist/default/production\StateEventMachinev2.X.production.sym \
  --cmf=dist/default/production\StateEventMachinev2.X.production.cmf -z \
  -Q16F1827 -oC:\Users\JEAN-M~1\AppData\Local\Temp\xcAson0.4 \
  --defsym=__MPLAB_BUILD=1 \
  -Mdist/default/production/StateEventMachinev2.X.production.map \
  --md=C:\Users\JEAN-M~1\AppData\Local\Temp\xcAson0.dat -E1 \
  -ver=XC8 Compiler --acfsm=1493 -ACODE=00h-07FFhx2 -ASTRCODE=00h-0FFFh \
  -ASTRING=00h-0FFhx16 -ACONST=00h-0FFhx16 -AENTRY=00h-0FFhx16 \
  -ACOMMON=070h-07Fh -ABANK0=020h-06Fh -ABANK1=0A0h-0EFh \
  -ABANK2=0120h-016Fh -ABANK3=01A0h-01EFh -ABANK4=0220h-024Fh \
  -ABIGRAM=02000h-0216Fh \
  -ARAM=020h-06Fh,0A0h-0EFh,0120h-016Fh,01A0h-01EFh,0220h-024Fh \
  -AABS1=020h-07Fh,0A0h-0EFh,0120h-016Fh,01A0h-01EFh,0220h-024Fh \
  -ASFR0=00h-01Fh -ASFR1=080h-09Fh -ASFR2=0100h-011Fh -ASFR3=0180h-019Fh \
  -ASFR4=0200h-021Fh -ASFR5=0280h-02EFh -ASFR6=0300h-036Fh \
  -ASFR7=0380h-03EFh -ASFR8=0400h-046Fh -ASFR9=0480h-04EFh \
  -ASFR10=0500h-056Fh -ASFR11=0580h-05EFh -ASFR12=0600h-066Fh \
  -ASFR13=0680h-06EFh -ASFR14=0700h-076Fh -ASFR15=0780h-07EFh \
  -ASFR16=0800h-086Fh -ASFR17=0880h-08EFh -ASFR18=0900h-096Fh \
  -ASFR19=0980h-09EFh -ASFR20=0A00h-0A6Fh -ASFR21=0A80h-0AEFh \
  -ASFR22=0B00h-0B6Fh -ASFR23=0B80h-0BEFh -ASFR24=0C00h-0C6Fh \
  -ASFR25=0C80h-0CEFh -ASFR26=0D00h-0D6Fh -ASFR27=0D80h-0DEFh \
  -ASFR28=0E00h-0E6Fh -ASFR29=0E80h-0EEFh -ASFR30=0F00h-0F6Fh \
  -ASFR31=0F80h-0FEFh -ACONFIG=08007h-08008h -DCONFIG=2 \
  -AIDLOC=08000h-08003h -DIDLOC=2 -AEEDATA=00h-0FFh/0F000h \
  -peeprom_data=EEDATA -DEEDATA=2 -DCODE=2 -DSTRCODE=2 -DSTRING=2 -DCONST=2 \
  -DENTRY=2 -preset_vec=00h,intentry=04h,init,end_init -ppowerup=CODE \
  -pcinit=CODE -pfunctab=ENTRY -k \
  C:\Users\JEAN-M~1\AppData\Local\Temp\xcAson0.o \
  dist/default/production\StateEventMachinev2.X.production.o 

Object code version is 3.11

Machine type is 16F1827



                Name                               Link     Load   Length Selector   Space Scale
C:\Users\JEAN-M~1\AppData\Local\Temp\xcAson0.o
                end_init                             2C       2C        2        8       0
                reset_vec                             0        0        2        0       0
                config                             8007     8007        2        0       4
                idloc                              8000     8000        4        0       5
dist/default/production\StateEventMachinev2.X.production.o
                cinit                                2E       2E       20        8       0
                intentry                              4        4       28        8       0
                config                             8007     8007        2        0       4
                idloc                              8000     8000        4        0       5
                text40                              42E      42E        1      83C       0
                text39                              304      304        D        8       0
                text38                              41E      41E        5      83C       0
                text37                              42D      42D        1      83C       0
                text36                              2F5      2F5        F        8       0
                text35                              3E4      3E4        9      6FA       0
                text34                              42C      42C        1      83C       0
                text33                              2E5      2E5       10        8       0
                text31                              3F4      3F4        7      6FA       0
                text30                              427      427        4      83C       0
                text29                              413      413        6      6FA       0
                text28                              37D      37D        C      6FA       0
                text27                              3ED      3ED        7      6FA       0
                text26                              40D      40D        6      6FA       0
                text25                              25A      25A       21        8       0
                text24                              407      407        6      6FA       0
                text23                              2D3      2D3       12        8       0
                text22                              423      423        4      83C       0
                text21                              296      296       16        8       0
                text20                               C8       C8       54        8       0
                text19                              1D2      1D2       33        8       0
                text18                              19D      19D       35        8       0
                text17                              389      389        A      6FA       0
                text16                              2AC      2AC       15        8       0
                text15                              42B      42B        1      83C       0
                text14                              11C      11C       41        8       0
                text13                               4E       4E       7A        8       0
                text12                              232      232       28        8       0
                text11                              2C1      2C1       12        8       0
                text10                              3DB      3DB        9      6FA       0
                text9                               3D2      3D2        9      6FA       0
                text8                               3C9      3C9        9      6FA       0
                text7                               3C0      3C0        9      6FA       0
                text6                               3B7      3B7        9      6FA       0
                text5                               3AE      3AE        9      6FA       0
                text4                               3A5      3A5        9      6FA       0
                text3                               39C      39C        9      6FA       0
                text2                               393      393        9      6FA       0
                text1                               205      205       2D        8       0
                maintext                            15D      15D       40        8       0
                cstackBANK0                          3B       3B       16       20       1
                cstackCOMMON                         70       70        E       70       1
                clrtext                             401      401        6      6FA       0
                inittext                            3FB      3FB        6      6FA       0
                bssBANK1                             A0       A0       20       A0       1
                dataBANK0                            20       20       1B       20       1
                bssBANK0                             51       51        C       20       1
                stringtext10                        419      419        5      832       0
                stringtext9                         371      371        C      622       0
                stringtext8                         365      365        C      622       0
                stringtext7                         359      359        C      622       0
                stringtext6                         34D      34D        C      622       0
                stringtext5                         341      341        C      622       0
                stringtext4                         335      335        C      622       0
                stringtext3                         329      329        C      622       0
                stringtext2                         31D      31D        C      622       0
                stringtext1                         311      311        C      622       0
                nvBANK0                              5D       5D        B       20       1
                idataBANK0                          27B      27B       1B        8       0

TOTAL           Name                               Link     Load   Length     Space
        CLASS   CODE           
                end_init                             2C       2C        2         0
                cinit                                2E       2E       20         0
                intentry                              4        4       28         0
                reset_vec                             0        0        2         0
                text40                              42E      42E        1         0
                text39                              304      304        D         0
                text38                              41E      41E        5         0
                text37                              42D      42D        1         0
                text36                              2F5      2F5        F         0
                text35                              3E4      3E4        9         0
                text34                              42C      42C        1         0
                text33                              2E5      2E5       10         0
                text31                              3F4      3F4        7         0
                text30                              427      427        4         0
                text29                              413      413        6         0
                text28                              37D      37D        C         0
                text27                              3ED      3ED        7         0
                text26                              40D      40D        6         0
                text25                              25A      25A       21         0
                text24                              407      407        6         0
                text23                              2D3      2D3       12         0
                text22                              423      423        4         0
                text21                              296      296       16         0
                text20                               C8       C8       54         0
                text19                              1D2      1D2       33         0
                text18                              19D      19D       35         0
                text17                              389      389        A         0
                text16                              2AC      2AC       15         0
                text15                              42B      42B        1         0
                text14                              11C      11C       41         0
                text13                               4E       4E       7A         0
                text12                              232      232       28         0
                text11                              2C1      2C1       12         0
                text10                              3DB      3DB        9         0
                text9                               3D2      3D2        9         0
                text8                               3C9      3C9        9         0
                text7                               3C0      3C0        9         0
                text6                               3B7      3B7        9         0
                text5                               3AE      3AE        9         0
                text4                               3A5      3A5        9         0
                text3                               39C      39C        9         0
                text2                               393      393        9         0
                text1                               205      205       2D         0
                maintext                            15D      15D       40         0
                clrtext                             401      401        6         0
                inittext                            3FB      3FB        6         0
                idataBANK0                          27B      27B       1B         0

        CLASS   STRCODE        
                stringtext10                        419      419        5         0
                stringtext9                         371      371        C         0
                stringtext8                         365      365        C         0
                stringtext7                         359      359        C         0
                stringtext6                         34D      34D        C         0
                stringtext5                         341      341        C         0
                stringtext4                         335      335        C         0
                stringtext3                         329      329        C         0
                stringtext2                         31D      31D        C         0
                stringtext1                         311      311        C         0

        CLASS   STRING         

        CLASS   CONST          

        CLASS   ENTRY          

        CLASS   COMMON         
                cstackCOMMON                         70       70        E         1

        CLASS   BANK0          
                cstackBANK0                          3B       3B       16         1
                dataBANK0                            20       20       1B         1
                bssBANK0                             51       51        C         1
                nvBANK0                              5D       5D        B         1

        CLASS   BANK1          
                bssBANK1                             A0       A0       20         1

        CLASS   BANK2          

        CLASS   BANK3          

        CLASS   BANK4          

        CLASS   BIGRAM         

        CLASS   RAM            

        CLASS   ABS1           
                abs_s1                               7E       7E        2         1

        CLASS   SFR0           

        CLASS   SFR1           

        CLASS   SFR2           

        CLASS   SFR3           

        CLASS   SFR4           

        CLASS   SFR5           

        CLASS   SFR6           

        CLASS   SFR7           

        CLASS   SFR8           

        CLASS   SFR9           

        CLASS   SFR10          

        CLASS   SFR11          

        CLASS   SFR12          

        CLASS   SFR13          

        CLASS   SFR14          

        CLASS   SFR15          

        CLASS   SFR16          

        CLASS   SFR17          

        CLASS   SFR18          

        CLASS   SFR19          

        CLASS   SFR20          

        CLASS   SFR21          

        CLASS   SFR22          

        CLASS   SFR23          

        CLASS   SFR24          

        CLASS   SFR25          

        CLASS   SFR26          

        CLASS   SFR27          

        CLASS   SFR28          

        CLASS   SFR29          

        CLASS   SFR30          

        CLASS   SFR31          

        CLASS   CONFIG         
                config                             8007     8007        2         4

        CLASS   IDLOC          
                idloc                              8000     8000        4         5

        CLASS   EEDATA         

        CLASS   BANK31         

        CLASS   BANK30         

        CLASS   BANK29         

        CLASS   BANK28         

        CLASS   BANK27         

        CLASS   BANK26         

        CLASS   BANK25         

        CLASS   BANK24         

        CLASS   BANK23         

        CLASS   BANK22         

        CLASS   BANK21         

        CLASS   BANK20         

        CLASS   BANK19         

        CLASS   BANK18         

        CLASS   BANK17         

        CLASS   BANK16         

        CLASS   BANK15         

        CLASS   BANK14         

        CLASS   BANK13         

        CLASS   BANK12         

        CLASS   BANK11         

        CLASS   BANK10         

        CLASS   BANK9          

        CLASS   BANK8          

        CLASS   BANK7          

        CLASS   BANK6          

        CLASS   BANK5          

        CLASS   HEAP           

        CLASS   STACK          



SEGMENTS        Name                           Load    Length   Top    Selector   Space  Class     Delta

                reset_vec                      000000  000002  000002         0       0  CODE        2
                intentry                       000004  00030D  000311         8       0  CODE        2
                dataBANK0                      000020  000048  000068        20       1  BANK0       1
                cstackCOMMON                   000070  00000E  00007E        70       1  COMMON      1
                bssBANK1                       0000A0  000020  0000C0        A0       1  BANK1       1
                stringtext1                    000311  00006C  00037D       622       0  STRCODE     2
                text28                         00037D  00009C  000419       6FA       0  CODE        2
                stringtext10                   000419  000005  00041E       832       0  STRCODE     2
                text38                         00041E  000011  00042F       83C       0  CODE        2


UNUSED ADDRESS RANGES

        Name                Unused          Largest block    Delta
        BANK0            00068-0006F               8           1
        BANK1            000C0-000EF              30           1
        BANK2            00120-0016F              50           1
        BANK3            001A0-001EF              50           1
        BANK4            00220-0024F              30           1
        BIGRAM           02000-0216F             170           1
        CODE             00002-00003               2           2
                         0042F-00FFF             3D1
        CONST            00002-00003               2           2
                         0042F-00FFF             100
        EEDATA           0F000-0F0FF             100           2
        ENTRY            00002-00003               2           2
                         0042F-00FFF             100
        RAM              00068-0006F               8           1
                         000C0-000EF              30
                         00120-0016F              50
                         001A0-001EF              50
                         00220-0024F              30
        SFR0             00000-0001F              20           1
        SFR1             00080-0009F              20           1
        SFR10            00500-0056F              70           1
        SFR11            00580-005EF              70           1
        SFR12            00600-0066F              70           1
        SFR13            00680-006EF              70           1
        SFR14            00700-0076F              70           1
        SFR15            00780-007EF              70           1
        SFR16            00800-0086F              70           1
        SFR17            00880-008EF              70           1
        SFR18            00900-0096F              70           1
        SFR19            00980-009EF              70           1
        SFR2             00100-0011F              20           1
        SFR20            00A00-00A6F              70           1
        SFR21            00A80-00AEF              70           1
        SFR22            00B00-00B6F              70           1
        SFR23            00B80-00BEF              70           1
        SFR24            00C00-00C6F              70           1
        SFR25            00C80-00CEF              70           1
        SFR26            00D00-00D6F              70           1
        SFR27            00D80-00DEF              70           1
        SFR28            00E00-00E6F              70           1
        SFR29            00E80-00EEF              70           1
        SFR3             00180-0019F              20           1
        SFR30            00F00-00F6F              70           1
        SFR31            00F80-00FEF              70           1
        SFR4             00200-0021F              20           1
        SFR5             00280-002EF              70           1
        SFR6             00300-0036F              70           1
        SFR7             00380-003EF              70           1
        SFR8             00400-0046F              70           1
        SFR9             00480-004EF              70           1
        STRCODE          00002-00003               2           2
                         0042F-00FFF             BD1
        STRING           00002-00003               2           2
                         0042F-00FFF             100

                                  Symbol Table

?___awmod                                   cstackBANK0  0003F
?___lmul                                    cstackCOMMON 00070
?_printf                                    cstackBANK0  00045
?_rand                                      cstackCOMMON 0007C
?_vfpfcnvrt                                 cstackCOMMON 00078
?_vfprintf                                  cstackCOMMON 0007B
INT_SetInterruptHandler@InterruptHandler    cstackCOMMON 00070
IOCBF0_SetInterruptHandler@InterruptHandler cstackCOMMON 00070
TMR0_SetInterruptHandler@InterruptHandler   cstackCOMMON 00070
_ADCON0                                     (abs)        0009D
_ADCON0bits                                 (abs)        0009D
_ADCON1                                     (abs)        0009E
_ADC_Initialize                             text31       003F4
_ADRESH                                     (abs)        0009C
_ADRESL                                     (abs)        0009B
_ANSELA                                     (abs)        0018C
_ANSELB                                     (abs)        0018D
_APFCON0                                    (abs)        0011D
_APFCON1                                    (abs)        0011E
_BORCON                                     (abs)        00116
_CLKRCON                                    (abs)        0039A
_CLKREF_Initialize                          text30       00427
_EXT_INT_Initialize                         text28       0037D
_INTCONbits                                 (abs)        0000B
_INTERRUPT_InterruptManager                 intentry     00004
_INT_CallBack                               text39       00304
_INT_DefaultInterruptHandler                text40       0042E
_INT_ISR                                    text38       0041E
_INT_InterruptHandler                       nvBANK0      0005D
_INT_SetInterruptHandler                    text29       00413
_IOCBF0_DefaultInterruptHandler             text37       0042D
_IOCBF0_ISR                                 text36       002F5
_IOCBF0_InterruptHandler                    nvBANK0      00061
_IOCBF0_SetInterruptHandler                 text26       0040D
_IOCBFbits                                  (abs)        00396
_IOCBNbits                                  (abs)        00395
_IOCBPbits                                  (abs)        00394
_LATA                                       (abs)        0010C
_LATB                                       (abs)        0010D
_OPTION_REG                                 (abs)        00095
_OPTION_REGbits                             (abs)        00095
_OSCCON                                     (abs)        00099
_OSCILLATOR_Initialize                      text27       003ED
_OSCTUNE                                    (abs)        00098
_PIN_MANAGER_IOC                            text35       003E4
_PIN_MANAGER_Initialize                     text25       0025A
_SYSTEM_Initialize                          text21       00296
_TMR0                                       (abs)        00015
_TMR0_DefaultInterruptHandler               text34       0042C
_TMR0_ISR                                   text33       002E5
_TMR0_Initialize                            text23       002D3
_TMR0_InterruptHandler                      nvBANK0      0005F
_TMR0_SetInterruptHandler                   text24       00407
_TRISA                                      (abs)        0008C
_TRISB                                      (abs)        0008D
_WDTCON                                     (abs)        00097
_WDT_Initialize                             text22       00423
_WPUA                                       (abs)        0020C
_WPUB                                       (abs)        0020D
__Habs1                                     abs1         00000
__Hbank0                                    bank0        00000
__Hbank1                                    bank1        00000
__Hbank10                                   bank10       00000
__Hbank11                                   bank11       00000
__Hbank12                                   bank12       00000
__Hbank13                                   bank13       00000
__Hbank14                                   bank14       00000
__Hbank15                                   bank15       00000
__Hbank16                                   bank16       00000
__Hbank17                                   bank17       00000
__Hbank18                                   bank18       00000
__Hbank19                                   bank19       00000
__Hbank2                                    bank2        00000
__Hbank20                                   bank20       00000
__Hbank21                                   bank21       00000
__Hbank22                                   bank22       00000
__Hbank23                                   bank23       00000
__Hbank24                                   bank24       00000
__Hbank25                                   bank25       00000
__Hbank26                                   bank26       00000
__Hbank27                                   bank27       00000
__Hbank28                                   bank28       00000
__Hbank29                                   bank29       00000
__Hbank3                                    bank3        00000
__Hbank30                                   bank30       00000
__Hbank31                                   bank31       00000
__Hbank4                                    bank4        00000
__Hbank5                                    bank5        00000
__Hbank6                                    bank6        00000
__Hbank7                                    bank7        00000
__Hbank8                                    bank8        00000
__Hbank9                                    bank9        00000
__Hbigram                                   bigram       00000
__HbssBANK0                                 bssBANK0     00000
__HbssBANK1                                 bssBANK1     00000
__Hcinit                                    cinit        0004E
__Hclrtext                                  clrtext      00000
__Hcode                                     code         00000
__Hcommon                                   common       00000
__Hconfig                                   config       08009
__HcstackBANK0                              cstackBANK0  00000
__HcstackCOMMON                             cstackCOMMON 00000
__HdataBANK0                                dataBANK0    00000
__Heeprom_data                              eeprom_data  00000
__Hend_init                                 end_init     0002E
__Hfunctab                                  functab      00000
__Hheap                                     heap         00000
__HidataBANK0                               idataBANK0   00000
__Hidloc                                    idloc        08004
__Hinit                                     init         0002C
__Hinittext                                 inittext     00000
__Hintentry                                 intentry     0002C
__Hmaintext                                 maintext     00000
__HnvBANK0                                  nvBANK0      00000
__Hpowerup                                  powerup      00000
__Hram                                      ram          00000
__Hreset_vec                                reset_vec    00002
__Hsfr0                                     sfr0         00000
__Hsfr1                                     sfr1         00000
__Hsfr10                                    sfr10        00000
__Hsfr11                                    sfr11        00000
__Hsfr12                                    sfr12        00000
__Hsfr13                                    sfr13        00000
__Hsfr14                                    sfr14        00000
__Hsfr15                                    sfr15        00000
__Hsfr16                                    sfr16        00000
__Hsfr17                                    sfr17        00000
__Hsfr18                                    sfr18        00000
__Hsfr19                                    sfr19        00000
__Hsfr2                                     sfr2         00000
__Hsfr20                                    sfr20        00000
__Hsfr21                                    sfr21        00000
__Hsfr22                                    sfr22        00000
__Hsfr23                                    sfr23        00000
__Hsfr24                                    sfr24        00000
__Hsfr25                                    sfr25        00000
__Hsfr26                                    sfr26        00000
__Hsfr27                                    sfr27        00000
__Hsfr28                                    sfr28        00000
__Hsfr29                                    sfr29        00000
__Hsfr3                                     sfr3         00000
__Hsfr30                                    sfr30        00000
__Hsfr31                                    sfr31        00000
__Hsfr4                                     sfr4         00000
__Hsfr5                                     sfr5         00000
__Hsfr6                                     sfr6         00000
__Hsfr7                                     sfr7         00000
__Hsfr8                                     sfr8         00000
__Hsfr9                                     sfr9         00000
__Hspace_0                                  (abs)        0042F
__Hspace_1                                  (abs)        000C0
__Hspace_2                                  (abs)        00000
__Hspace_3                                  (abs)        00000
__Hspace_4                                  (abs)        10010
__Hstack                                    stack        00000
__Hstrings                                  strings      00000
__Hstringtext1                              stringtext1  00000
__Hstringtext10                             stringtext10 00000
__Hstringtext11                             stringtext11 00000
__Hstringtext2                              stringtext2  00000
__Hstringtext3                              stringtext3  00000
__Hstringtext4                              stringtext4  00000
__Hstringtext5                              stringtext5  00000
__Hstringtext6                              stringtext6  00000
__Hstringtext7                              stringtext7  00000
__Hstringtext8                              stringtext8  00000
__Hstringtext9                              stringtext9  00000
__Htext                                     text         00000
__Labs1                                     abs1         00000
__Lbank0                                    bank0        00000
__Lbank1                                    bank1        00000
__Lbank10                                   bank10       00000
__Lbank11                                   bank11       00000
__Lbank12                                   bank12       00000
__Lbank13                                   bank13       00000
__Lbank14                                   bank14       00000
__Lbank15                                   bank15       00000
__Lbank16                                   bank16       00000
__Lbank17                                   bank17       00000
__Lbank18                                   bank18       00000
__Lbank19                                   bank19       00000
__Lbank2                                    bank2        00000
__Lbank20                                   bank20       00000
__Lbank21                                   bank21       00000
__Lbank22                                   bank22       00000
__Lbank23                                   bank23       00000
__Lbank24                                   bank24       00000
__Lbank25                                   bank25       00000
__Lbank26                                   bank26       00000
__Lbank27                                   bank27       00000
__Lbank28                                   bank28       00000
__Lbank29                                   bank29       00000
__Lbank3                                    bank3        00000
__Lbank30                                   bank30       00000
__Lbank31                                   bank31       00000
__Lbank4                                    bank4        00000
__Lbank5                                    bank5        00000
__Lbank6                                    bank6        00000
__Lbank7                                    bank7        00000
__Lbank8                                    bank8        00000
__Lbank9                                    bank9        00000
__Lbigram                                   bigram       00000
__LbssBANK0                                 bssBANK0     00000
__LbssBANK1                                 bssBANK1     00000
__Lcinit                                    cinit        0002E
__Lclrtext                                  clrtext      00000
__Lcode                                     code         00000
__Lcommon                                   common       00000
__Lconfig                                   config       00000
__LcstackBANK0                              cstackBANK0  00000
__LcstackCOMMON                             cstackCOMMON 00000
__LdataBANK0                                dataBANK0    00000
__Leeprom_data                              eeprom_data  00000
__Lend_init                                 end_init     0002C
__Lfunctab                                  functab      00000
__Lheap                                     heap         00000
__LidataBANK0                               idataBANK0   00000
__Lidloc                                    idloc        00000
__Linit                                     init         0002C
__Linittext                                 inittext     00000
__Lintentry                                 intentry     00004
__Lmaintext                                 maintext     00000
__LnvBANK0                                  nvBANK0      00000
__Lpowerup                                  powerup      00000
__Lram                                      ram          00000
__Lreset_vec                                reset_vec    00000
__Lsfr0                                     sfr0         00000
__Lsfr1                                     sfr1         00000
__Lsfr10                                    sfr10        00000
__Lsfr11                                    sfr11        00000
__Lsfr12                                    sfr12        00000
__Lsfr13                                    sfr13        00000
__Lsfr14                                    sfr14        00000
__Lsfr15                                    sfr15        00000
__Lsfr16                                    sfr16        00000
__Lsfr17                                    sfr17        00000
__Lsfr18                                    sfr18        00000
__Lsfr19                                    sfr19        00000
__Lsfr2                                     sfr2         00000
__Lsfr20                                    sfr20        00000
__Lsfr21                                    sfr21        00000
__Lsfr22                                    sfr22        00000
__Lsfr23                                    sfr23        00000
__Lsfr24                                    sfr24        00000
__Lsfr25                                    sfr25        00000
__Lsfr26                                    sfr26        00000
__Lsfr27                                    sfr27        00000
__Lsfr28                                    sfr28        00000
__Lsfr29                                    sfr29        00000
__Lsfr3                                     sfr3         00000
__Lsfr30                                    sfr30        00000
__Lsfr31                                    sfr31        00000
__Lsfr4                                     sfr4         00000
__Lsfr5                                     sfr5         00000
__Lsfr6                                     sfr6         00000
__Lsfr7                                     sfr7         00000
__Lsfr8                                     sfr8         00000
__Lsfr9                                     sfr9         00000
__Lspace_0                                  (abs)        00000
__Lspace_1                                  (abs)        00000
__Lspace_2                                  (abs)        00000
__Lspace_3                                  (abs)        00000
__Lspace_4                                  (abs)        00000
__Lstack                                    stack        00000
__Lstrings                                  strings      00000
__Lstringtext1                              stringtext1  00000
__Lstringtext10                             stringtext10 00000
__Lstringtext11                             stringtext11 00000
__Lstringtext2                              stringtext2  00000
__Lstringtext3                              stringtext3  00000
__Lstringtext4                              stringtext4  00000
__Lstringtext5                              stringtext5  00000
__Lstringtext6                              stringtext6  00000
__Lstringtext7                              stringtext7  00000
__Lstringtext8                              stringtext8  00000
__Lstringtext9                              stringtext9  00000
__Ltext                                     text         00000
__S0                                        (abs)        0042F
__S1                                        (abs)        000C0
__S3                                        (abs)        00000
___awmod                                    text20       000C8
___awmod@counter                            cstackBANK0  00044
___awmod@dividend                           cstackBANK0  00041
___awmod@divisor                            cstackBANK0  0003F
___awmod@sign                               cstackBANK0  00045
___bmul                                     text16       002AC
___bmul@multiplicand                        cstackCOMMON 00070
___bmul@multiplier                          cstackCOMMON 00073
___bmul@product                             cstackCOMMON 00072
___heap_hi                                  (abs)        00000
___heap_lo                                  (abs)        00000
___int_sp                                   stack        00000
___latbits                                  (abs)        00001
___lmul                                     text19       001D2
___lmul@multiplicand                        cstackCOMMON 00074
___lmul@multiplier                          cstackCOMMON 00070
___lmul@product                             cstackCOMMON 00078
___sp                                       stack        00000
___stackhi                                  (abs)        00000
___stacklo                                  (abs)        00000
__end_of_ADC_Initialize                     text31       003FB
__end_of_CLKREF_Initialize                  text30       0042B
__end_of_EXT_INT_Initialize                 text28       00389
__end_of_INTERRUPT_InterruptManager         intentry     0002C
__end_of_INT_CallBack                       text39       00311
__end_of_INT_DefaultInterruptHandler        text40       0042F
__end_of_INT_ISR                            text38       00423
__end_of_INT_SetInterruptHandler            text29       00419
__end_of_IOCBF0_DefaultInterruptHandler     text37       0042E
__end_of_IOCBF0_ISR                         text36       00304
__end_of_IOCBF0_SetInterruptHandler         text26       00413
__end_of_OSCILLATOR_Initialize              text27       003F4
__end_of_PIN_MANAGER_IOC                    text35       003ED
__end_of_PIN_MANAGER_Initialize             text25       0027B
__end_of_SYSTEM_Initialize                  text21       002AC
__end_of_TMR0_DefaultInterruptHandler       text34       0042D
__end_of_TMR0_ISR                           text33       002F5
__end_of_TMR0_Initialize                    text23       002E5
__end_of_TMR0_SetInterruptHandler           text24       0040D
__end_of_WDT_Initialize                     text22       00427
__end_of___awmod                            text20       0011C
__end_of___bmul                             text16       002C1
__end_of___lmul                             text19       00205
__end_of__initialization                    cinit        0004A
__end_of_action1_1                          text9        003DB
__end_of_action1_2                          text8        003D2
__end_of_action1_3                          text7        003C9
__end_of_action2_1                          text6        003C0
__end_of_action2_2                          text5        003B7
__end_of_action2_3                          text4        003AE
__end_of_action3_1                          text3        003A5
__end_of_action3_2                          text2        0039C
__end_of_action3_3                          text10       003E4
__end_of_fputc                              text14       0015D
__end_of_main                               maintext     0019D
__end_of_printf                             text11       002D3
__end_of_putch                              text15       0042C
__end_of_rand                               text18       001D2
__end_of_srand                              text17       00393
__end_of_stateEval                          text1        00232
__end_of_vfpfcnvrt                          text13       000C8
__end_of_vfprintf                           text12       0025A
__initialization                            cinit        0002E
__pbssBANK0                                 bssBANK0     00051
__pbssBANK1                                 bssBANK1     000A0
__pcstackBANK0                              cstackBANK0  0003B
__pcstackCOMMON                             cstackCOMMON 00070
__pdataBANK0                                dataBANK0    00020
__pidataBANK0                               idataBANK0   0027B
__pintentry                                 intentry     00004
__pmaintext                                 maintext     0015D
__pnvBANK0                                  nvBANK0      0005D
__pstringtext1                              stringtext1  00311
__pstringtext10                             stringtext10 00419
__pstringtext11                             stringtext11 00000
__pstringtext2                              stringtext2  0031D
__pstringtext3                              stringtext3  00329
__pstringtext4                              stringtext4  00335
__pstringtext5                              stringtext5  00341
__pstringtext6                              stringtext6  0034D
__pstringtext7                              stringtext7  00359
__pstringtext8                              stringtext8  00365
__pstringtext9                              stringtext9  00371
__ptext1                                    text1        00205
__ptext10                                   text10       003DB
__ptext11                                   text11       002C1
__ptext12                                   text12       00232
__ptext13                                   text13       0004E
__ptext14                                   text14       0011C
__ptext15                                   text15       0042B
__ptext16                                   text16       002AC
__ptext17                                   text17       00389
__ptext18                                   text18       0019D
__ptext19                                   text19       001D2
__ptext2                                    text2        00393
__ptext20                                   text20       000C8
__ptext21                                   text21       00296
__ptext22                                   text22       00423
__ptext23                                   text23       002D3
__ptext24                                   text24       00407
__ptext25                                   text25       0025A
__ptext26                                   text26       0040D
__ptext27                                   text27       003ED
__ptext28                                   text28       0037D
__ptext29                                   text29       00413
__ptext3                                    text3        0039C
__ptext30                                   text30       00427
__ptext31                                   text31       003F4
__ptext33                                   text33       002E5
__ptext34                                   text34       0042C
__ptext35                                   text35       003E4
__ptext36                                   text36       002F5
__ptext37                                   text37       0042D
__ptext38                                   text38       0041E
__ptext39                                   text39       00304
__ptext4                                    text4        003A5
__ptext40                                   text40       0042E
__ptext5                                    text5        003AE
__ptext6                                    text6        003B7
__ptext7                                    text7        003C0
__ptext8                                    text8        003C9
__ptext9                                    text9        003D2
_action1_1                                  text9        003D2
_action1_2                                  text8        003C9
_action1_3                                  text7        003C0
_action2_1                                  text6        003B7
_action2_2                                  text5        003AE
_action2_3                                  text4        003A5
_action3_1                                  text3        0039C
_action3_2                                  text2        00393
_action3_3                                  text10       003DB
_currentState                               bssBANK0     0005B
_eventOccured                               nvBANK0      00063
_flags                                      bssBANK0     00057
_fputc                                      text14       0011C
_main                                       maintext     0015D
_nout                                       bssBANK0     00051
_prec                                       bssBANK0     00055
_printf                                     text11       002C1
_putch                                      text15       0042B
_rand                                       text18       0019D
_seed                                       nvBANK0      00064
_srand                                      text17       00389
_stateEval                                  text1        00205
_stateMatrix                                dataBANK0    00020
_timer0ReloadVal                            bssBANK0     0005C
_vfpfcnvrt                                  text13       0004E
_vfprintf                                   text12       00232
_width                                      bssBANK0     00053
btemp                                       (abs)        0007E
clear_ram0                                  clrtext      00401
end_of_initialization                       cinit        0004A
fputc@c                                     cstackCOMMON 00070
fputc@fp                                    cstackCOMMON 00072
init_ram                                    inittext     003FB
int$flags                                   (abs)        0007E
intlevel0                                   functab      00000
intlevel1                                   functab      00000
intlevel2                                   functab      00000
intlevel3                                   functab      00000
intlevel4                                   functab      00000
intlevel5                                   functab      00000
printf@ap                                   cstackBANK0  00048
printf@fmt                                  cstackBANK0  00045
reset_vec                                   reset_vec    00000
srand@s                                     cstackCOMMON 00070
start                                       init         0002C
start_initialization                        cinit        0002E
stateEval@e                                 cstackBANK0  0004C
stateEval@stateEvaluation                   cstackBANK0  0004D
vfpfcnvrt@ap                                cstackCOMMON 00079
vfpfcnvrt@fmt                               cstackCOMMON 00078
vfpfcnvrt@fp                                cstackCOMMON 0007A
vfprintf@ap                                 cstackCOMMON 0007D
vfprintf@cfmt                               cstackBANK0  00043
vfprintf@fmt                                cstackCOMMON 0007B
vfprintf@fp                                 cstackBANK0  00042
wtemp0                                      (abs)        0007E


MODULE INFORMATION

Module		Function		Class		Link	Load	Size
C:\Program Files\Microchip\xc8\v2.36\pic\sources\c99\common\putch.c
		_putch         		CODE           	042B	0000	1

C:\Program Files\Microchip\xc8\v2.36\pic\sources\c99\common\putch.c estimated size: 1

C:\Program Files\Microchip\xc8\v2.36\pic\sources\c99\common\printf.c
		_printf        		CODE           	02C1	0000	18

C:\Program Files\Microchip\xc8\v2.36\pic\sources\c99\common\printf.c estimated size: 18

C:\Program Files\Microchip\xc8\v2.36\pic\sources\c99\common\rand.c
		_srand         		CODE           	0389	0000	10
		_rand          		CODE           	019D	0000	53

C:\Program Files\Microchip\xc8\v2.36\pic\sources\c99\common\rand.c estimated size: 63

mcc_generated_files/interrupt_manager.c
		_INTERRUPT_InterruptManager		CODE           	0004	0000	40

mcc_generated_files/interrupt_manager.c estimated size: 40

C:\Program Files\Microchip\xc8\v2.36\pic\sources\c99\common\Umul32.c
		___lmul        		CODE           	01D2	0000	51

C:\Program Files\Microchip\xc8\v2.36\pic\sources\c99\common\Umul32.c estimated size: 51

C:\Program Files\Microchip\xc8\v2.36\pic\sources\c99\common\awmod.c
		___awmod       		CODE           	00C8	0000	84

C:\Program Files\Microchip\xc8\v2.36\pic\sources\c99\common\awmod.c estimated size: 84

mcc_generated_files/tmr0.c
		_TMR0_SetInterruptHandler		CODE           	0407	0000	6
		_TMR0_DefaultInterruptHandler		CODE           	042C	0000	1
		_TMR0_ISR      		CODE           	02E5	0000	16
		_TMR0_Initialize		CODE           	02D3	0000	18

mcc_generated_files/tmr0.c estimated size: 41

mcc_generated_files/pin_manager.c
		_IOCBF0_ISR    		CODE           	02F5	0000	15
		_PIN_MANAGER_Initialize		CODE           	025A	0000	33
		_IOCBF0_SetInterruptHandler		CODE           	040D	0000	6
		_PIN_MANAGER_IOC		CODE           	03E4	0000	9
		_IOCBF0_DefaultInterruptHandler		CODE           	042D	0000	1

mcc_generated_files/pin_manager.c estimated size: 64

mcc_generated_files/adc.c
		_ADC_Initialize		CODE           	03F4	0000	7

mcc_generated_files/adc.c estimated size: 7

mcc_generated_files/clkref.c
		_CLKREF_Initialize		CODE           	0427	0000	4

mcc_generated_files/clkref.c estimated size: 4

C:\Program Files\Microchip\xc8\v2.36\pic\sources\c99\common\nf_fputc.c
		_fputc         		CODE           	011C	0000	65

C:\Program Files\Microchip\xc8\v2.36\pic\sources\c99\common\nf_fputc.c estimated size: 65

mcc_generated_files/ext_int.c
		_INT_DefaultInterruptHandler		CODE           	042E	0000	1
		_EXT_INT_Initialize		CODE           	037D	0000	12
		_INT_SetInterruptHandler		CODE           	0413	0000	6
		_INT_CallBack  		CODE           	0304	0000	13
		_INT_ISR       		CODE           	041E	0000	5

mcc_generated_files/ext_int.c estimated size: 37

C:\Program Files\Microchip\xc8\v2.36\pic\sources\c99\common\doprnt.c
		_vfpfcnvrt     		CODE           	004E	0000	122
		_vfprintf      		CODE           	0232	0000	40

C:\Program Files\Microchip\xc8\v2.36\pic\sources\c99\common\doprnt.c estimated size: 162

shared
		__initialization		CODE           	002E	0000	28

shared estimated size: 28

mcc_generated_files/mcc.c
		_WDT_Initialize		CODE           	0423	0000	4
		_OSCILLATOR_Initialize		CODE           	03ED	0000	7
		_SYSTEM_Initialize		CODE           	0296	0000	22

mcc_generated_files/mcc.c estimated size: 33

C:\Program Files\Microchip\xc8\v2.36\pic\sources\c99\common\Umul8.c
		___bmul        		CODE           	02AC	0000	21

C:\Program Files\Microchip\xc8\v2.36\pic\sources\c99\common\Umul8.c estimated size: 21

main.c
		_stateEval     		CODE           	0205	0000	45
		_action3_1     		CODE           	039C	0000	9
		_action3_2     		CODE           	0393	0000	9
		_action3_3     		CODE           	03DB	0000	9
		_main          		CODE           	015D	0000	64
		_action2_1     		CODE           	03B7	0000	9
		_action2_2     		CODE           	03AE	0000	9
		_action2_3     		CODE           	03A5	0000	9
		_action1_1     		CODE           	03D2	0000	9
		_action1_2     		CODE           	03C9	0000	9
		_action1_3     		CODE           	03C0	0000	9

main.c estimated size: 190

